<?xml version="1.0" encoding="utf-8"?><testsuites name="pytest tests"><testsuite name="pytest" errors="0" failures="0" skipped="0" tests="2" time="2.095" timestamp="2026-02-05T23:21:48.592518-06:00" hostname="PC-J0571N"><testcase classname="tests.test_hitl_pipeline" name="test_hitl_approval_pipeline" time="0.561" /><testcase classname="tests.test_hitl_pipeline" name="test_metrics_endpoint" time="0.306" /></testsuite></testsuites>